../Core/Src/main.c:97:5:__io_putchar	16	static
../Core/Src/main.c:109:5:main	24	static
../Core/Src/main.c:209:6:SystemClock_Config	88	static
../Core/Src/main.c:255:13:MX_ADC1_Init	24	static
../Core/Src/main.c:370:13:MX_TIM2_Init	32	static
../Core/Src/main.c:415:13:MX_USART1_UART_Init	8	static
../Core/Src/main.c:446:13:MX_DMA_Init	16	static
../Core/Src/main.c:464:13:MX_GPIO_Init	40	static
../Core/Src/main.c:501:6:HAL_ADC_ConvCpltCallback	16	static
../Core/Src/main.c:515:6:Error_Handler	4	static,ignoring_inline_asm
