../Core/Src/main.c:93:5:__io_putchar	16	static
../Core/Src/main.c:105:5:main	24	static
../Core/Src/main.c:200:6:SystemClock_Config	88	static
../Core/Src/main.c:246:13:MX_ADC1_Init	24	static
../Core/Src/main.c:361:13:MX_TIM2_Init	32	static
../Core/Src/main.c:406:13:MX_USART1_UART_Init	8	static
../Core/Src/main.c:437:13:MX_DMA_Init	16	static
../Core/Src/main.c:455:13:MX_GPIO_Init	40	static
../Core/Src/main.c:492:6:HAL_ADC_ConvCpltCallback	16	static
../Core/Src/main.c:506:6:Error_Handler	4	static,ignoring_inline_asm
