../Core/Src/sd_card.c:5:9:SPI_RxTx	32	static
../Core/Src/sd_card.c:12:6:SPI_Send	16	static
../Core/Src/sd_card.c:18:6:SPI_Recv	24	static
../Core/Src/sd_card.c:23:9:SD_SendCmd	32	static
../Core/Src/sd_card.c:46:5:SD_WaitReady	24	static
../Core/Src/sd_card.c:56:5:SD_RecvData	24	static
../Core/Src/sd_card.c:72:5:SD_SendData	16	static
../Core/Src/sd_card.c:84:5:SD_Init	64	static
../Core/Src/sd_card.c:162:6:SD_SPI_Check	56	static
../Core/Src/sd_card.c:246:12:SD_ReadSector	16	static
../Core/Src/sd_card.c:254:12:SD_WriteSector	16	static
../Core/Src/sd_card.c:262:17:fat32_get_fat_entry	544	static
../Core/Src/sd_card.c:272:13:fat32_set_fat_entry	552	static
../Core/Src/sd_card.c:283:17:fat32_alloc_cluster	544	static
../Core/Src/sd_card.c:304:12:SD_FindFile	592	static
../Core/Src/sd_card.c:345:12:SD_CreateFile	576	static
../Core/Src/sd_card.c:382:5:SD_File_Init	528	static
../Core/Src/sd_card.c:409:5:SD_File_Open	544	static
../Core/Src/sd_card.c:438:5:SD_File_Write	16	static
../Core/Src/sd_card.c:454:5:SD_File_WriteLine	16	static
../Core/Src/sd_card.c:461:6:SD_File_Close	8	static
../Core/Src/sd_card.c:473:5:SD_File_Exists	536	static
../Core/Src/sd_card.c:489:5:SD_File_Delete	16	static
